[MIGRATION] knowledge_categories rows are clean, nothing to repair
[MIGRATION] colleges table nullability matches model, nothing to repair
[MIGRATION] Starting category uniqueness fix (sqlite)...
[MIGRATION] SQLite detected: recreating table with new constraints...
[MIGRATION] Old table columns: ['college_id', 'created_at', 'created_by', 'description', 'display_order', 'icon', 'id', 'key', 'name', 'status', 'updated_at', 'updated_by']
[MIGRATION] Full Copy SQL: 
                INSERT INTO knowledge_categories_new (id, name, key, description, icon, display_order, status, college_id, created_by, updated_by, created_at, updated_at)
                SELECT id, name, key, description, icon, display_order, status, college_id, created_by, updated_by, created_at, updated_at
                FROM knowledge_categories
            
[MIGRATION] SQLite migration complete
[MIGRATION] Category uniqueness constraints successfully migrated to tenant-scoped
SQLite migration check and table creation completed successfully.
[MIGRATION] knowledge_categories rows are clean, nothing to repair
[MIGRATION] colleges table nullability matches model, nothing to repair
[MIGRATION] Starting category uniqueness fix (sqlite)...
[MIGRATION] SQLite detected: recreating table with new constraints...
[MIGRATION] Old table columns: ['college_id', 'created_at', 'created_by', 'description', 'display_order', 'icon', 'id', 'key', 'name', 'status', 'updated_at', 'updated_by']
[MIGRATION] Full Copy SQL: 
                INSERT INTO knowledge_categories_new (id, name, key, description, icon, display_order, status, college_id, created_by, updated_by, created_at, updated_at)
                SELECT id, name, key, description, icon, display_order, status, college_id, created_by, updated_by, created_at, updated_at
                FROM knowledge_categories
            
[MIGRATION] SQLite migration complete
[MIGRATION] Category uniqueness constraints successfully migrated to tenant-scoped
SQLite migration check and table creation completed successfully.
[PLATFORM] Platform infrastructure initialization complete.
INFO:     127.0.0.1:50660 - "GET /health HTTP/1.1" 200 OK
