[MIGRATION] knowledge_categories rows are clean, nothing to repair
[MIGRATION] colleges table nullability matches model, nothing to repair
[MIGRATION] Starting category uniqueness fix (sqlite)...
[MIGRATION] SQLite detected: recreating table with new constraints...
[MIGRATION] Old table columns: ['college_id', 'created_at', 'created_by', 'description', 'display_order', 'icon', 'id', 'key', 'name', 'status', 'updated_at', 'updated_by']
[MIGRATION] Full Copy SQL: 
                INSERT INTO knowledge_categories_new (id, name, key, description, icon, display_order, status, college_id, created_by, updated_by, created_at, updated_at)
                SELECT id, name, key, description, icon, display_order, status, college_id, created_by, updated_by, created_at, updated_at
                FROM knowledge_categories
            
[MIGRATION] SQLite migration complete
[MIGRATION] Category uniqueness constraints successfully migrated to tenant-scoped
SQLite migration check and table creation completed successfully.
========================================================================
[*] AHMEDABAD INSTITUTE OF TECHNOLOGY (AIT) - USER AI ASSISTANT
========================================================================
[*] User API Backend:  http://localhost:8000/api/v1
[*] User Health Check: http://localhost:8000/health
[*] User Web App:      http://localhost:8000 (Self-Hosted)
========================================================================
INFO:     127.0.0.1:63676 - "GET /health HTTP/1.1" 200 OK
INFO:     127.0.0.1:59983 - "POST /api/v1/auth/signup HTTP/1.1" 201 Created
INFO:     127.0.0.1:59985 - "POST /api/v1/conversations HTTP/1.1" 201 Created
INFO:     127.0.0.1:59987 - "POST /api/v1/chat/stream HTTP/1.1" 200 OK
