[33mAssets in public directory cannot be imported from JavaScript.
If you intend to import that asset, put the file in the src directory, and use [36m/src/ai-faq-college-chat-bot-logo.svg[33m instead of [36m/public/ai-faq-college-chat-bot-logo.svg[33m.
If you intend to use the URL of that asset, use [36m/ai-faq-college-chat-bot-logo.svg?url[33m.[39m
[33mAssets in public directory cannot be imported from JavaScript.
If you intend to import that asset, put the file in the src directory, and use [36m/src/ai-faq-college-chat-bot-icon.svg[33m instead of [36m/public/ai-faq-college-chat-bot-icon.svg[33m.
If you intend to use the URL of that asset, use [36m/ai-faq-college-chat-bot-icon.svg?url[33m.[39m
[33mFiles in the public directory are served at the root path.
Instead of [36m/public/ai-faq-college-chat-bot-logo.svg[33m, use [36m/ai-faq-college-chat-bot-logo.svg[33m.[39m
[33mAssets in public directory cannot be imported from JavaScript.
If you intend to import that asset, put the file in the src directory, and use [36m/src/ai-faq-college-chat-bot-logo.svg[33m instead of [36m/public/ai-faq-college-chat-bot-logo.svg[33m.
If you intend to use the URL of that asset, use [36m/ai-faq-college-chat-bot-logo.svg?url[33m.[39m
[33mAssets in public directory cannot be imported from JavaScript.
If you intend to import that asset, put the file in the src directory, and use [36m/src/ai-faq-college-chat-bot-icon.svg[33m instead of [36m/public/ai-faq-college-chat-bot-icon.svg[33m.
If you intend to use the URL of that asset, use [36m/ai-faq-college-chat-bot-icon.svg?url[33m.[39m
[33mFiles in the public directory are served at the root path.
Instead of [36m/public/ai-faq-college-chat-bot-logo.svg[33m, use [36m/ai-faq-college-chat-bot-logo.svg[33m.[39m
[33mFiles in the public directory are served at the root path.
Instead of [36m/public/ai-faq-college-chat-bot-icon.svg[33m, use [36m/ai-faq-college-chat-bot-icon.svg[33m.[39m
[33mAssets in public directory cannot be imported from JavaScript.
If you intend to import that asset, put the file in the src directory, and use [36m/src/ai-faq-college-chat-bot-logo.svg[33m instead of [36m/public/ai-faq-college-chat-bot-logo.svg[33m.
If you intend to use the URL of that asset, use [36m/ai-faq-college-chat-bot-logo.svg?url[33m.[39m
[33mAssets in public directory cannot be imported from JavaScript.
If you intend to import that asset, put the file in the src directory, and use [36m/src/ai-faq-college-chat-bot-icon.svg[33m instead of [36m/public/ai-faq-college-chat-bot-icon.svg[33m.
If you intend to use the URL of that asset, use [36m/ai-faq-college-chat-bot-icon.svg?url[33m.[39m
[33mFiles in the public directory are served at the root path.
Instead of [36m/public/ai-faq-college-chat-bot-logo.svg[33m, use [36m/ai-faq-college-chat-bot-logo.svg[33m.[39m
[33mFiles in the public directory are served at the root path.
Instead of [36m/public/ai-faq-college-chat-bot-icon.svg[33m, use [36m/ai-faq-college-chat-bot-icon.svg[33m.[39m
[33mAssets in public directory cannot be imported from JavaScript.
If you intend to import that asset, put the file in the src directory, and use [36m/src/ai-faq-college-chat-bot-logo.svg[33m instead of [36m/public/ai-faq-college-chat-bot-logo.svg[33m.
If you intend to use the URL of that asset, use [36m/ai-faq-college-chat-bot-logo.svg?url[33m.[39m
[33mAssets in public directory cannot be imported from JavaScript.
If you intend to import that asset, put the file in the src directory, and use [36m/src/ai-faq-college-chat-bot-icon.svg[33m instead of [36m/public/ai-faq-college-chat-bot-icon.svg[33m.
If you intend to use the URL of that asset, use [36m/ai-faq-college-chat-bot-icon.svg?url[33m.[39m
[33mFiles in the public directory are served at the root path.
Instead of [36m/public/ai-faq-college-chat-bot-logo.svg[33m, use [36m/ai-faq-college-chat-bot-logo.svg[33m.[39m
[33mFiles in the public directory are served at the root path.
Instead of [36m/public/ai-faq-college-chat-bot-icon.svg[33m, use [36m/ai-faq-college-chat-bot-icon.svg[33m.[39m
[33mAssets in public directory cannot be imported from JavaScript.
If you intend to import that asset, put the file in the src directory, and use [36m/src/ai-faq-college-chat-bot-logo.svg[33m instead of [36m/public/ai-faq-college-chat-bot-logo.svg[33m.
If you intend to use the URL of that asset, use [36m/ai-faq-college-chat-bot-logo.svg?url[33m.[39m
[33mAssets in public directory cannot be imported from JavaScript.
If you intend to import that asset, put the file in the src directory, and use [36m/src/ai-faq-college-chat-bot-icon.svg[33m instead of [36m/public/ai-faq-college-chat-bot-icon.svg[33m.
If you intend to use the URL of that asset, use [36m/ai-faq-college-chat-bot-icon.svg?url[33m.[39m
[33mFiles in the public directory are served at the root path.
Instead of [36m/public/ai-faq-college-chat-bot-logo.svg[33m, use [36m/ai-faq-college-chat-bot-logo.svg[33m.[39m
[33mFiles in the public directory are served at the root path.
Instead of [36m/public/ai-faq-college-chat-bot-icon.svg[33m, use [36m/ai-faq-college-chat-bot-icon.svg[33m.[39m
[33mAssets in public directory cannot be imported from JavaScript.
If you intend to import that asset, put the file in the src directory, and use [36m/src/ai-faq-college-chat-bot-logo.svg[33m instead of [36m/public/ai-faq-college-chat-bot-logo.svg[33m.
If you intend to use the URL of that asset, use [36m/ai-faq-college-chat-bot-logo.svg?url[33m.[39m
[33mAssets in public directory cannot be imported from JavaScript.
If you intend to import that asset, put the file in the src directory, and use [36m/src/ai-faq-college-chat-bot-icon.svg[33m instead of [36m/public/ai-faq-college-chat-bot-icon.svg[33m.
If you intend to use the URL of that asset, use [36m/ai-faq-college-chat-bot-icon.svg?url[33m.[39m
[33mFiles in the public directory are served at the root path.
Instead of [36m/public/ai-faq-college-chat-bot-logo.svg[33m, use [36m/ai-faq-college-chat-bot-logo.svg[33m.[39m
[33mFiles in the public directory are served at the root path.
Instead of [36m/public/ai-faq-college-chat-bot-icon.svg[33m, use [36m/ai-faq-college-chat-bot-icon.svg[33m.[39m
[33mAssets in public directory cannot be imported from JavaScript.
If you intend to import that asset, put the file in the src directory, and use [36m/src/ai-faq-college-chat-bot-icon.svg[33m instead of [36m/public/ai-faq-college-chat-bot-icon.svg[33m.
If you intend to use the URL of that asset, use [36m/ai-faq-college-chat-bot-icon.svg?url[33m.[39m
[33mAssets in public directory cannot be imported from JavaScript.
If you intend to import that asset, put the file in the src directory, and use [36m/src/ai-faq-college-chat-bot-logo.svg[33m instead of [36m/public/ai-faq-college-chat-bot-logo.svg[33m.
If you intend to use the URL of that asset, use [36m/ai-faq-college-chat-bot-logo.svg?url[33m.[39m
[33mFiles in the public directory are served at the root path.
Instead of [36m/public/ai-faq-college-chat-bot-logo.svg[33m, use [36m/ai-faq-college-chat-bot-logo.svg[33m.[39m
[33mFiles in the public directory are served at the root path.
Instead of [36m/public/ai-faq-college-chat-bot-icon.svg[33m, use [36m/ai-faq-college-chat-bot-icon.svg[33m.[39m
[33mAssets in public directory cannot be imported from JavaScript.
If you intend to import that asset, put the file in the src directory, and use [36m/src/ai-faq-college-chat-bot-logo.svg[33m instead of [36m/public/ai-faq-college-chat-bot-logo.svg[33m.
If you intend to use the URL of that asset, use [36m/ai-faq-college-chat-bot-logo.svg?url[33m.[39m
[33mAssets in public directory cannot be imported from JavaScript.
If you intend to import that asset, put the file in the src directory, and use [36m/src/ai-faq-college-chat-bot-icon.svg[33m instead of [36m/public/ai-faq-college-chat-bot-icon.svg[33m.
If you intend to use the URL of that asset, use [36m/ai-faq-college-chat-bot-icon.svg?url[33m.[39m
[33mFiles in the public directory are served at the root path.
Instead of [36m/public/ai-faq-college-chat-bot-logo.svg[33m, use [36m/ai-faq-college-chat-bot-logo.svg[33m.[39m
[33mAssets in public directory cannot be imported from JavaScript.
If you intend to import that asset, put the file in the src directory, and use [36m/src/ai-faq-college-chat-bot-logo.svg[33m instead of [36m/public/ai-faq-college-chat-bot-logo.svg[33m.
If you intend to use the URL of that asset, use [36m/ai-faq-college-chat-bot-logo.svg?url[33m.[39m
[33mAssets in public directory cannot be imported from JavaScript.
If you intend to import that asset, put the file in the src directory, and use [36m/src/ai-faq-college-chat-bot-icon.svg[33m instead of [36m/public/ai-faq-college-chat-bot-icon.svg[33m.
If you intend to use the URL of that asset, use [36m/ai-faq-college-chat-bot-icon.svg?url[33m.[39m
[33mFiles in the public directory are served at the root path.
Instead of [36m/public/ai-faq-college-chat-bot-logo.svg[33m, use [36m/ai-faq-college-chat-bot-logo.svg[33m.[39m
[33mAssets in public directory cannot be imported from JavaScript.
If you intend to import that asset, put the file in the src directory, and use [36m/src/ai-faq-college-chat-bot-logo.svg[33m instead of [36m/public/ai-faq-college-chat-bot-logo.svg[33m.
If you intend to use the URL of that asset, use [36m/ai-faq-college-chat-bot-logo.svg?url[33m.[39m
[33mAssets in public directory cannot be imported from JavaScript.
If you intend to import that asset, put the file in the src directory, and use [36m/src/ai-faq-college-chat-bot-icon.svg[33m instead of [36m/public/ai-faq-college-chat-bot-icon.svg[33m.
If you intend to use the URL of that asset, use [36m/ai-faq-college-chat-bot-icon.svg?url[33m.[39m
[33mFiles in the public directory are served at the root path.
Instead of [36m/public/ai-faq-college-chat-bot-logo.svg[33m, use [36m/ai-faq-college-chat-bot-logo.svg[33m.[39m
[33mFiles in the public directory are served at the root path.
Instead of [36m/public/ai-faq-college-chat-bot-icon.svg[33m, use [36m/ai-faq-college-chat-bot-icon.svg[33m.[39m
[33mAssets in public directory cannot be imported from JavaScript.
If you intend to import that asset, put the file in the src directory, and use [36m/src/ai-faq-college-chat-bot-icon.svg[33m instead of [36m/public/ai-faq-college-chat-bot-icon.svg[33m.
If you intend to use the URL of that asset, use [36m/ai-faq-college-chat-bot-icon.svg?url[33m.[39m
[33mAssets in public directory cannot be imported from JavaScript.
If you intend to import that asset, put the file in the src directory, and use [36m/src/ai-faq-college-chat-bot-logo.svg[33m instead of [36m/public/ai-faq-college-chat-bot-logo.svg[33m.
If you intend to use the URL of that asset, use [36m/ai-faq-college-chat-bot-logo.svg?url[33m.[39m
[33mFiles in the public directory are served at the root path.
Instead of [36m/public/ai-faq-college-chat-bot-logo.svg[33m, use [36m/ai-faq-college-chat-bot-logo.svg[33m.[39m
[33mFiles in the public directory are served at the root path.
Instead of [36m/public/ai-faq-college-chat-bot-icon.svg[33m, use [36m/ai-faq-college-chat-bot-icon.svg[33m.[39m
